// Jest Snapshot v1, https://goo.gl/fbAQLP

exports[`ThemeProvider renders without crashing 1`] = `null`;
